---
source: crates/app/src/features/plays/osg.rs
expression: out
---
client_version=20260924 record_count=5 stride=29 score_system=v1 file_size=153 diagnostics=1
idx t_ms d300 d100 d50 dmax d200 dmiss c300 c100 c50 cmax c200 cmiss score max_combo combo hp_raw b4 b25 b28
  0 1000    0    0   0    1    0     0    0    0   0    1    0     0   320         1     1    200  0   0   0
  1 1250    1    0   0    1    0     0    1    0   0    2    0     0   940         3     3    200  0   0   0
  2 1400    0    0   0    0    1     0    1    0   0    2    1     0  1140         4     4    200  0   0   0
  3 1500    0    0   0    0    0     1    1    0   0    2    1     1  1200         4     0    200  0   1   0
  4 1900    0    0   0    0    0     0    1    0   0    2    1     1  1205         4     0    200  0   0   0
